// Jest Snapshot v1, https://goo.gl/fbAQLP

exports[`simple.sql - postgresql-verify: simple.sql 1`] = `

select 1;
select 2; select '3'; select '4'::text; select '5'::int; select 1, '2', 3 as "three", 4 as four;
select 1;
sEleCt 1;
sEleCt 1 from my_table;
sEleCt 1 from "my_table";
sEleCt 1 from "table";
sEleCt 1 from "Table";
sEleCt     1     as       one     from     "Table";
sEleCt  
1     as       
       one     from     "Table"
       ;
~~~~~~~~~~~~~~~~~~~~~~~~~~~~~~~~~~~~~~~~~~~~~~~~~~~~~~~~~~~~~~~~~~~~~~~~~~~~~~~~
SELECT 1;
SELECT 2;
SELECT '3';
SELECT '4'::text;
SELECT '5'::int;
SELECT 1, '2', 3 AS three, 4 AS four;
SELECT 1;
SELECT 1;
SELECT 1 FROM my_table;
SELECT 1 FROM my_table;
SELECT 1 FROM "table";
SELECT 1 FROM "Table";
SELECT 1 AS one FROM "Table";
SELECT 1 AS one FROM "Table";
`;
